#-----------------------------------------------------------
# Vivado v2024.1 (64-bit)
# SW Build 5076996 on Wed May 22 18:37:14 MDT 2024
# IP Build 5075265 on Wed May 22 21:45:21 MDT 2024
# SharedData Build 5076995 on Wed May 22 18:29:18 MDT 2024
# Start of session at: Mon Oct  7 17:27:28 2024
# Process ID: 36824
# Current directory: D:/DLab/Lab4/Lab4.runs/synth_1
# Command line: vivado.exe -log lab4.vds -product Vivado -mode batch -messageDb vivado.pb -notrace -source lab4.tcl
# Log file: D:/DLab/Lab4/Lab4.runs/synth_1/lab4.vds
# Journal file: D:/DLab/Lab4/Lab4.runs/synth_1\vivado.jou
# Running On        :Apollos-notebook
# Platform          :Windows Server 2016 or Windows 10
# Operating System  :22631
# Processor Detail  :13th Gen Intel(R) Core(TM) i7-13700HX
# CPU Frequency     :2304 MHz
# CPU Physical cores:16
# CPU Logical cores :24
# Host memory       :16886 MB
# Swap memory       :28991 MB
# Total Virtual     :45877 MB
# Available Virtual :19140 MB
#-----------------------------------------------------------
source lab4.tcl -notrace
