#-----------------------------------------------------------
# Vivado v2024.1 (64-bit)
# SW Build 5076996 on Wed May 22 18:37:14 MDT 2024
# IP Build 5075265 on Wed May 22 21:45:21 MDT 2024
# SharedData Build 5076995 on Wed May 22 18:29:18 MDT 2024
# Start of session at: Mon Oct 21 13:58:14 2024
# Process ID: 91820
# Current directory: D:/DLab/lab6_for_student/lab6.runs/synth_1
# Command line: vivado.exe -log lab6.vds -product Vivado -mode batch -messageDb vivado.pb -notrace -source lab6.tcl
# Log file: D:/DLab/lab6_for_student/lab6.runs/synth_1/lab6.vds
# Journal file: D:/DLab/lab6_for_student/lab6.runs/synth_1\vivado.jou
# Running On        :Apollos-notebook
# Platform          :Windows Server 2016 or Windows 10
# Operating System  :22631
# Processor Detail  :13th Gen Intel(R) Core(TM) i7-13700HX
# CPU Frequency     :2304 MHz
# CPU Physical cores:16
# CPU Logical cores :24
# Host memory       :16886 MB
# Swap memory       :25769 MB
# Total Virtual     :42655 MB
# Available Virtual :11376 MB
#-----------------------------------------------------------
source lab6.tcl -notrace
