#-----------------------------------------------------------
# Vivado v2024.1 (64-bit)
# SW Build 5076996 on Wed May 22 18:37:14 MDT 2024
# IP Build 5075265 on Wed May 22 21:45:21 MDT 2024
# SharedData Build 5076995 on Wed May 22 18:29:18 MDT 2024
# Start of session at: Mon Oct 14 16:20:38 2024
# Process ID: 19560
# Current directory: D:/DLab/lab5_for_student/lab5_for_student.runs/impl_1
# Command line: vivado.exe -log lab5.vdi -applog -product Vivado -messageDb vivado.pb -mode batch -source lab5.tcl -notrace
# Log file: D:/DLab/lab5_for_student/lab5_for_student.runs/impl_1/lab5.vdi
# Journal file: D:/DLab/lab5_for_student/lab5_for_student.runs/impl_1\vivado.jou
# Running On        :Apollos-notebook
# Platform          :Windows Server 2016 or Windows 10
# Operating System  :22631
# Processor Detail  :13th Gen Intel(R) Core(TM) i7-13700HX
# CPU Frequency     :2304 MHz
# CPU Physical cores:16
# CPU Logical cores :24
# Host memory       :16886 MB
# Swap memory       :26843 MB
# Total Virtual     :43729 MB
# Available Virtual :23287 MB
#-----------------------------------------------------------
source lab5.tcl -notrace
